+-------+----------------+----------+
| FIELD |      TYPE      | REPEATED |
+-------+----------------+----------+
| name  | message (Name) | true     |
+-------+----------------+----------+

