+-------+-----------------------------+----------+
| FIELD |            TYPE             | REPEATED |
+-------+-----------------------------+----------+
| kvs   | map<string, message (Name)> | false    |
+-------+-----------------------------+----------+

